[
  {
    "directory": "{{PROJECT_DIR}}", 
    "command": "/Applications/Xcode.app/Contents/Developer/Toolchains/XcodeDefault.xctoolchain/usr/bin/clang -x objective-c-header -arch x86_64 -fmessage-length=128 -fdiagnostics-show-note-include-stack -fmacro-backtrace-limit=0 -fcolor-diagnostics -std=gnu99 -fobjc-arc -Wno-trigraphs -fpascal-strings -O0 -Wno-missing-field-initializers -Wno-missing-prototypes -Werror=return-type -Wno-implicit-atomic-properties -Werror=deprecated-objc-isa-usage -Werror=objc-root-class -Wno-receiver-is-weak -Wno-arc-repeated-use-of-weak -Wduplicate-method-match -Wno-missing-braces -Wparentheses -Wswitch -Wunused-function -Wno-unused-label -Wno-unused-parameter -Wunused-variable -Wunused-value -Wempty-body -Wuninitialized -Wno-unknown-pragmas -Wno-shadow -Wno-four-char-constants -Wno-conversion -Wconstant-conversion -Wint-conversion -Wbool-conversion -Wenum-conversion -Wshorten-64-to-32 -Wpointer-sign -Wno-newline-eof -Wno-selector -Wno-strict-selector-match -Wundeclared-selector -Wno-deprecated-implementations -DDEBUG=1 -isysroot /Applications/Xcode.app/Contents/Developer/Platforms/MacOSX.platform/Developer/SDKs/MacOSX10.8.sdk -fasm-blocks -fstrict-aliasing -Wprotocol -Wdeprecated-declarations -mmacosx-version-min=10.8 -g -Wno-sign-conversion -iquote {{PROJECT_DIR}}/DerivedData/TestProject/Build/Intermediates/TestProject.build/Debug/TestProject.build/TestProject-generated-files.hmap -I{{PROJECT_DIR}}/DerivedData/TestProject/Build/Intermediates/TestProject.build/Debug/TestProject.build/TestProject-own-target-headers.hmap -I{{PROJECT_DIR}}/DerivedData/TestProject/Build/Intermediates/TestProject.build/Debug/TestProject.build/TestProject-all-target-headers.hmap -iquote {{PROJECT_DIR}}/DerivedData/TestProject/Build/Intermediates/TestProject.build/Debug/TestProject.build/TestProject-project-headers.hmap -I{{PROJECT_DIR}}/DerivedData/TestProject/Build/Products/Debug/include -I/Applications/Xcode.app/Contents/Developer/Toolchains/XcodeDefault.xctoolchain/usr/include -I{{PROJECT_DIR}}/DerivedData/TestProject/Build/Intermediates/TestProject.build/Debug/TestProject.build/DerivedSources/x86_64 -I{{PROJECT_DIR}}/DerivedData/TestProject/Build/Intermediates/TestProject.build/Debug/TestProject.build/DerivedSources -F{{PROJECT_DIR}}/DerivedData/TestProject/Build/Products/Debug --serialize-diagnostics {{PROJECT_DIR}}/DerivedData/TestProject/Build/Intermediates/PrecompiledHeaders/TestProject-Prefix-{{RANDOM_DIR_PART}}/TestProject-Prefix.pch.dia -MMD -MT dependencies -MF {{PROJECT_DIR}}/DerivedData/TestProject/Build/Intermediates/PrecompiledHeaders/TestProject-Prefix-{{RANDOM_DIR_PART}}/TestProject-Prefix.pch.d -c {{PROJECT_DIR}}/TestProject/TestProject-Prefix.pch -o {{PROJECT_DIR}}/DerivedData/TestProject/Build/Intermediates/PrecompiledHeaders/TestProject-Prefix-{{RANDOM_DIR_PART}}/TestProject-Prefix.pch.pch", 
    "file": "TestProject/TestProject-Prefix.pch"
  }, 
  {
    "directory": "{{PROJECT_DIR}}", 
    "command": "/Applications/Xcode.app/Contents/Developer/Toolchains/XcodeDefault.xctoolchain/usr/bin/clang -x objective-c -arch x86_64 -fmessage-length=128 -fdiagnostics-show-note-include-stack -fmacro-backtrace-limit=0 -fcolor-diagnostics -std=gnu99 -fobjc-arc -Wno-trigraphs -fpascal-strings -O0 -Wno-missing-field-initializers -Wno-missing-prototypes -Werror=return-type -Wno-implicit-atomic-properties -Werror=deprecated-objc-isa-usage -Werror=objc-root-class -Wno-receiver-is-weak -Wno-arc-repeated-use-of-weak -Wduplicate-method-match -Wno-missing-braces -Wparentheses -Wswitch -Wunused-function -Wno-unused-label -Wno-unused-parameter -Wunused-variable -Wunused-value -Wempty-body -Wuninitialized -Wno-unknown-pragmas -Wno-shadow -Wno-four-char-constants -Wno-conversion -Wconstant-conversion -Wint-conversion -Wbool-conversion -Wenum-conversion -Wshorten-64-to-32 -Wpointer-sign -Wno-newline-eof -Wno-selector -Wno-strict-selector-match -Wundeclared-selector -Wno-deprecated-implementations -DDEBUG=1 -isysroot /Applications/Xcode.app/Contents/Developer/Platforms/MacOSX.platform/Developer/SDKs/MacOSX10.8.sdk -fasm-blocks -fstrict-aliasing -Wprotocol -Wdeprecated-declarations -mmacosx-version-min=10.8 -g -Wno-sign-conversion -iquote {{PROJECT_DIR}}/DerivedData/TestProject/Build/Intermediates/TestProject.build/Debug/TestProject.build/TestProject-generated-files.hmap -I{{PROJECT_DIR}}/DerivedData/TestProject/Build/Intermediates/TestProject.build/Debug/TestProject.build/TestProject-own-target-headers.hmap -I{{PROJECT_DIR}}/DerivedData/TestProject/Build/Intermediates/TestProject.build/Debug/TestProject.build/TestProject-all-target-headers.hmap -iquote {{PROJECT_DIR}}/DerivedData/TestProject/Build/Intermediates/TestProject.build/Debug/TestProject.build/TestProject-project-headers.hmap -I{{PROJECT_DIR}}/DerivedData/TestProject/Build/Products/Debug/include -I/Applications/Xcode.app/Contents/Developer/Toolchains/XcodeDefault.xctoolchain/usr/include -I{{PROJECT_DIR}}/DerivedData/TestProject/Build/Intermediates/TestProject.build/Debug/TestProject.build/DerivedSources/x86_64 -I{{PROJECT_DIR}}/DerivedData/TestProject/Build/Intermediates/TestProject.build/Debug/TestProject.build/DerivedSources -F{{PROJECT_DIR}}/DerivedData/TestProject/Build/Products/Debug -include {{PROJECT_DIR}}/DerivedData/TestProject/Build/Intermediates/PrecompiledHeaders/TestProject-Prefix-{{RANDOM_DIR_PART}}/TestProject-Prefix.pch -MMD -MT dependencies -MF {{PROJECT_DIR}}/DerivedData/TestProject/Build/Intermediates/TestProject.build/Debug/TestProject.build/Objects-normal/x86_64/WithSpace.d --serialize-diagnostics {{PROJECT_DIR}}/DerivedData/TestProject/Build/Intermediates/TestProject.build/Debug/TestProject.build/Objects-normal/x86_64/WithSpace.dia -c '{{PROJECT_DIR}}/TestProject/With Space/WithSpace.m' -o {{PROJECT_DIR}}/DerivedData/TestProject/Build/Intermediates/TestProject.build/Debug/TestProject.build/Objects-normal/x86_64/WithSpace.o", 
    "file": "TestProject/With Space/WithSpace.m"
  }, 
  {
    "directory": "{{PROJECT_DIR}}", 
    "command": "/Applications/Xcode.app/Contents/Developer/Toolchains/XcodeDefault.xctoolchain/usr/bin/clang -x objective-c -arch x86_64 -fmessage-length=128 -fdiagnostics-show-note-include-stack -fmacro-backtrace-limit=0 -fcolor-diagnostics -std=gnu99 -fobjc-arc -Wno-trigraphs -fpascal-strings -O0 -Wno-missing-field-initializers -Wno-missing-prototypes -Werror=return-type -Wno-implicit-atomic-properties -Werror=deprecated-objc-isa-usage -Werror=objc-root-class -Wno-receiver-is-weak -Wno-arc-repeated-use-of-weak -Wduplicate-method-match -Wno-missing-braces -Wparentheses -Wswitch -Wunused-function -Wno-unused-label -Wno-unused-parameter -Wunused-variable -Wunused-value -Wempty-body -Wuninitialized -Wno-unknown-pragmas -Wno-shadow -Wno-four-char-constants -Wno-conversion -Wconstant-conversion -Wint-conversion -Wbool-conversion -Wenum-conversion -Wshorten-64-to-32 -Wpointer-sign -Wno-newline-eof -Wno-selector -Wno-strict-selector-match -Wundeclared-selector -Wno-deprecated-implementations -DDEBUG=1 -isysroot /Applications/Xcode.app/Contents/Developer/Platforms/MacOSX.platform/Developer/SDKs/MacOSX10.8.sdk -fasm-blocks -fstrict-aliasing -Wprotocol -Wdeprecated-declarations -mmacosx-version-min=10.8 -g -Wno-sign-conversion -iquote {{PROJECT_DIR}}/DerivedData/TestProject/Build/Intermediates/TestProject.build/Debug/TestProject.build/TestProject-generated-files.hmap -I{{PROJECT_DIR}}/DerivedData/TestProject/Build/Intermediates/TestProject.build/Debug/TestProject.build/TestProject-own-target-headers.hmap -I{{PROJECT_DIR}}/DerivedData/TestProject/Build/Intermediates/TestProject.build/Debug/TestProject.build/TestProject-all-target-headers.hmap -iquote {{PROJECT_DIR}}/DerivedData/TestProject/Build/Intermediates/TestProject.build/Debug/TestProject.build/TestProject-project-headers.hmap -I{{PROJECT_DIR}}/DerivedData/TestProject/Build/Products/Debug/include -I/Applications/Xcode.app/Contents/Developer/Toolchains/XcodeDefault.xctoolchain/usr/include -I{{PROJECT_DIR}}/DerivedData/TestProject/Build/Intermediates/TestProject.build/Debug/TestProject.build/DerivedSources/x86_64 -I{{PROJECT_DIR}}/DerivedData/TestProject/Build/Intermediates/TestProject.build/Debug/TestProject.build/DerivedSources -F{{PROJECT_DIR}}/DerivedData/TestProject/Build/Products/Debug -include {{PROJECT_DIR}}/DerivedData/TestProject/Build/Intermediates/PrecompiledHeaders/TestProject-Prefix-{{RANDOM_DIR_PART}}/TestProject-Prefix.pch -MMD -MT dependencies -MF {{PROJECT_DIR}}/DerivedData/TestProject/Build/Intermediates/TestProject.build/Debug/TestProject.build/Objects-normal/x86_64/AppDelegate.d --serialize-diagnostics {{PROJECT_DIR}}/DerivedData/TestProject/Build/Intermediates/TestProject.build/Debug/TestProject.build/Objects-normal/x86_64/AppDelegate.dia -c {{PROJECT_DIR}}/TestProject/AppDelegate.m -o {{PROJECT_DIR}}/DerivedData/TestProject/Build/Intermediates/TestProject.build/Debug/TestProject.build/Objects-normal/x86_64/AppDelegate.o", 
    "file": "TestProject/AppDelegate.m"
  }, 
  {
    "directory": "{{PROJECT_DIR}}", 
    "command": "/Applications/Xcode.app/Contents/Developer/Toolchains/XcodeDefault.xctoolchain/usr/bin/clang -x objective-c -arch x86_64 -fmessage-length=128 -fdiagnostics-show-note-include-stack -fmacro-backtrace-limit=0 -fcolor-diagnostics -std=gnu99 -fobjc-arc -Wno-trigraphs -fpascal-strings -O0 -Wno-missing-field-initializers -Wno-missing-prototypes -Werror=return-type -Wno-implicit-atomic-properties -Werror=deprecated-objc-isa-usage -Werror=objc-root-class -Wno-receiver-is-weak -Wno-arc-repeated-use-of-weak -Wduplicate-method-match -Wno-missing-braces -Wparentheses -Wswitch -Wunused-function -Wno-unused-label -Wno-unused-parameter -Wunused-variable -Wunused-value -Wempty-body -Wuninitialized -Wno-unknown-pragmas -Wno-shadow -Wno-four-char-constants -Wno-conversion -Wconstant-conversion -Wint-conversion -Wbool-conversion -Wenum-conversion -Wshorten-64-to-32 -Wpointer-sign -Wno-newline-eof -Wno-selector -Wno-strict-selector-match -Wundeclared-selector -Wno-deprecated-implementations -DDEBUG=1 -isysroot /Applications/Xcode.app/Contents/Developer/Platforms/MacOSX.platform/Developer/SDKs/MacOSX10.8.sdk -fasm-blocks -fstrict-aliasing -Wprotocol -Wdeprecated-declarations -mmacosx-version-min=10.8 -g -Wno-sign-conversion -iquote {{PROJECT_DIR}}/DerivedData/TestProject/Build/Intermediates/TestProject.build/Debug/TestProject.build/TestProject-generated-files.hmap -I{{PROJECT_DIR}}/DerivedData/TestProject/Build/Intermediates/TestProject.build/Debug/TestProject.build/TestProject-own-target-headers.hmap -I{{PROJECT_DIR}}/DerivedData/TestProject/Build/Intermediates/TestProject.build/Debug/TestProject.build/TestProject-all-target-headers.hmap -iquote {{PROJECT_DIR}}/DerivedData/TestProject/Build/Intermediates/TestProject.build/Debug/TestProject.build/TestProject-project-headers.hmap -I{{PROJECT_DIR}}/DerivedData/TestProject/Build/Products/Debug/include -I/Applications/Xcode.app/Contents/Developer/Toolchains/XcodeDefault.xctoolchain/usr/include -I{{PROJECT_DIR}}/DerivedData/TestProject/Build/Intermediates/TestProject.build/Debug/TestProject.build/DerivedSources/x86_64 -I{{PROJECT_DIR}}/DerivedData/TestProject/Build/Intermediates/TestProject.build/Debug/TestProject.build/DerivedSources -F{{PROJECT_DIR}}/DerivedData/TestProject/Build/Products/Debug -include {{PROJECT_DIR}}/DerivedData/TestProject/Build/Intermediates/PrecompiledHeaders/TestProject-Prefix-{{RANDOM_DIR_PART}}/TestProject-Prefix.pch -MMD -MT dependencies -MF {{PROJECT_DIR}}/DerivedData/TestProject/Build/Intermediates/TestProject.build/Debug/TestProject.build/Objects-normal/x86_64/WithQuotationMark.d --serialize-diagnostics {{PROJECT_DIR}}/DerivedData/TestProject/Build/Intermediates/TestProject.build/Debug/TestProject.build/Objects-normal/x86_64/WithQuotationMark.dia -c '{{PROJECT_DIR}}/TestProject/With'\"'\"'Mark/WithQuotationMark.m' -o {{PROJECT_DIR}}/DerivedData/TestProject/Build/Intermediates/TestProject.build/Debug/TestProject.build/Objects-normal/x86_64/WithQuotationMark.o", 
    "file": "TestProject/With'Mark/WithQuotationMark.m"
  }, 
  {
    "directory": "{{PROJECT_DIR}}", 
    "command": "/Applications/Xcode.app/Contents/Developer/Toolchains/XcodeDefault.xctoolchain/usr/bin/clang -x objective-c -arch x86_64 -fmessage-length=128 -fdiagnostics-show-note-include-stack -fmacro-backtrace-limit=0 -fcolor-diagnostics -std=gnu99 -fobjc-arc -Wno-trigraphs -fpascal-strings -O0 -Wno-missing-field-initializers -Wno-missing-prototypes -Werror=return-type -Wno-implicit-atomic-properties -Werror=deprecated-objc-isa-usage -Werror=objc-root-class -Wno-receiver-is-weak -Wno-arc-repeated-use-of-weak -Wduplicate-method-match -Wno-missing-braces -Wparentheses -Wswitch -Wunused-function -Wno-unused-label -Wno-unused-parameter -Wunused-variable -Wunused-value -Wempty-body -Wuninitialized -Wno-unknown-pragmas -Wno-shadow -Wno-four-char-constants -Wno-conversion -Wconstant-conversion -Wint-conversion -Wbool-conversion -Wenum-conversion -Wshorten-64-to-32 -Wpointer-sign -Wno-newline-eof -Wno-selector -Wno-strict-selector-match -Wundeclared-selector -Wno-deprecated-implementations -DDEBUG=1 -isysroot /Applications/Xcode.app/Contents/Developer/Platforms/MacOSX.platform/Developer/SDKs/MacOSX10.8.sdk -fasm-blocks -fstrict-aliasing -Wprotocol -Wdeprecated-declarations -mmacosx-version-min=10.8 -g -Wno-sign-conversion -iquote {{PROJECT_DIR}}/DerivedData/TestProject/Build/Intermediates/TestProject.build/Debug/TestProject.build/TestProject-generated-files.hmap -I{{PROJECT_DIR}}/DerivedData/TestProject/Build/Intermediates/TestProject.build/Debug/TestProject.build/TestProject-own-target-headers.hmap -I{{PROJECT_DIR}}/DerivedData/TestProject/Build/Intermediates/TestProject.build/Debug/TestProject.build/TestProject-all-target-headers.hmap -iquote {{PROJECT_DIR}}/DerivedData/TestProject/Build/Intermediates/TestProject.build/Debug/TestProject.build/TestProject-project-headers.hmap -I{{PROJECT_DIR}}/DerivedData/TestProject/Build/Products/Debug/include -I/Applications/Xcode.app/Contents/Developer/Toolchains/XcodeDefault.xctoolchain/usr/include -I{{PROJECT_DIR}}/DerivedData/TestProject/Build/Intermediates/TestProject.build/Debug/TestProject.build/DerivedSources/x86_64 -I{{PROJECT_DIR}}/DerivedData/TestProject/Build/Intermediates/TestProject.build/Debug/TestProject.build/DerivedSources -F{{PROJECT_DIR}}/DerivedData/TestProject/Build/Products/Debug -include {{PROJECT_DIR}}/DerivedData/TestProject/Build/Intermediates/PrecompiledHeaders/TestProject-Prefix-{{RANDOM_DIR_PART}}/TestProject-Prefix.pch -MMD -MT dependencies -MF {{PROJECT_DIR}}/DerivedData/TestProject/Build/Intermediates/TestProject.build/Debug/TestProject.build/Objects-normal/x86_64/WithNonASCII.d --serialize-diagnostics {{PROJECT_DIR}}/DerivedData/TestProject/Build/Intermediates/TestProject.build/Debug/TestProject.build/Objects-normal/x86_64/WithNonASCII.dia -c '{{PROJECT_DIR}}/TestProject/WithNöñASCII/WithNonASCII.m' -o {{PROJECT_DIR}}/DerivedData/TestProject/Build/Intermediates/TestProject.build/Debug/TestProject.build/Objects-normal/x86_64/WithNonASCII.o", 
    "file": "TestProject/WithNöñASCII/WithNonASCII.m"
  }, 
  {
    "directory": "{{PROJECT_DIR}}", 
    "command": "/Applications/Xcode.app/Contents/Developer/Toolchains/XcodeDefault.xctoolchain/usr/bin/clang -x objective-c -arch x86_64 -fmessage-length=128 -fdiagnostics-show-note-include-stack -fmacro-backtrace-limit=0 -fcolor-diagnostics -std=gnu99 -fobjc-arc -Wno-trigraphs -fpascal-strings -O0 -Wno-missing-field-initializers -Wno-missing-prototypes -Werror=return-type -Wno-implicit-atomic-properties -Werror=deprecated-objc-isa-usage -Werror=objc-root-class -Wno-receiver-is-weak -Wno-arc-repeated-use-of-weak -Wduplicate-method-match -Wno-missing-braces -Wparentheses -Wswitch -Wunused-function -Wno-unused-label -Wno-unused-parameter -Wunused-variable -Wunused-value -Wempty-body -Wuninitialized -Wno-unknown-pragmas -Wno-shadow -Wno-four-char-constants -Wno-conversion -Wconstant-conversion -Wint-conversion -Wbool-conversion -Wenum-conversion -Wshorten-64-to-32 -Wpointer-sign -Wno-newline-eof -Wno-selector -Wno-strict-selector-match -Wundeclared-selector -Wno-deprecated-implementations -DDEBUG=1 -isysroot /Applications/Xcode.app/Contents/Developer/Platforms/MacOSX.platform/Developer/SDKs/MacOSX10.8.sdk -fasm-blocks -fstrict-aliasing -Wprotocol -Wdeprecated-declarations -mmacosx-version-min=10.8 -g -Wno-sign-conversion -iquote {{PROJECT_DIR}}/DerivedData/TestProject/Build/Intermediates/TestProject.build/Debug/TestProject.build/TestProject-generated-files.hmap -I{{PROJECT_DIR}}/DerivedData/TestProject/Build/Intermediates/TestProject.build/Debug/TestProject.build/TestProject-own-target-headers.hmap -I{{PROJECT_DIR}}/DerivedData/TestProject/Build/Intermediates/TestProject.build/Debug/TestProject.build/TestProject-all-target-headers.hmap -iquote {{PROJECT_DIR}}/DerivedData/TestProject/Build/Intermediates/TestProject.build/Debug/TestProject.build/TestProject-project-headers.hmap -I{{PROJECT_DIR}}/DerivedData/TestProject/Build/Products/Debug/include -I/Applications/Xcode.app/Contents/Developer/Toolchains/XcodeDefault.xctoolchain/usr/include -I{{PROJECT_DIR}}/DerivedData/TestProject/Build/Intermediates/TestProject.build/Debug/TestProject.build/DerivedSources/x86_64 -I{{PROJECT_DIR}}/DerivedData/TestProject/Build/Intermediates/TestProject.build/Debug/TestProject.build/DerivedSources -F{{PROJECT_DIR}}/DerivedData/TestProject/Build/Products/Debug -include {{PROJECT_DIR}}/DerivedData/TestProject/Build/Intermediates/PrecompiledHeaders/TestProject-Prefix-{{RANDOM_DIR_PART}}/TestProject-Prefix.pch -MMD -MT dependencies -MF {{PROJECT_DIR}}/DerivedData/TestProject/Build/Intermediates/TestProject.build/Debug/TestProject.build/Objects-normal/x86_64/main.d --serialize-diagnostics {{PROJECT_DIR}}/DerivedData/TestProject/Build/Intermediates/TestProject.build/Debug/TestProject.build/Objects-normal/x86_64/main.dia -c {{PROJECT_DIR}}/TestProject/main.m -o {{PROJECT_DIR}}/DerivedData/TestProject/Build/Intermediates/TestProject.build/Debug/TestProject.build/Objects-normal/x86_64/main.o", 
    "file": "TestProject/main.m"
  }
]